// Jest Snapshot v1, https://goo.gl/fbAQLP

exports[`Faq displays the same content every time it renders 1`] = `[Function]`;
