// Jest Snapshot v1, https://goo.gl/fbAQLP

exports[`Profile displays the same content every time it renders 1`] = `
Object {
  "asFragment": [Function],
  "baseElement": <body>
    <div>
      <h1
        class="settings__heading"
      >
        Profile Settings
      </h1>
      <div
        class="profile"
      >
        <form>
          <div
            class="row"
          >
            <div
              class="col-lg-6 text-center order-lg-last margin__bottom__mobile--medium"
            >
              <div
                class="profile__avatar profile__avatar--letter"
              />
              <div>
                <input
                  class="profile__upload-button"
                  id="file"
                  name="file"
                  type="file"
                />
                <label
                  for="file"
                >
                  Upload
                </label>
              </div>
            </div>
            <div
              class="col-lg-6"
            >
              <div
                class="form-group-lg"
              >
                <label
                  class="profile__input-label"
                  for="displayName"
                >
                  Name
                </label>
                <input
                  class="form-control p-4 "
                  id="displayName"
                  name="displayName"
                  type="text"
                  value=""
                />
                
              </div>
              <div
                class="form-group-lg mt-4"
              >
                <label
                  class="profile__input-label"
                  for="email"
                >
                  Email
                </label>
                <input
                  class="form-control p-4 "
                  id="email"
                  name="email"
                  type="email"
                  value=""
                />
                
              </div>
              <div
                class="form-group-lg mt-4"
              >
                <label
                  class="profile__input-label"
                  for="phone"
                >
                  Phone
                </label>
                <input
                  class="form-control p-4 "
                  id="phone"
                  name="phone"
                  type="text"
                  value=""
                />
                
              </div>
              <button
                class="button button__block button__primary mt-5"
                type="submit"
              >
                Update
              </button>
            </div>
          </div>
        </form>
      </div>
    </div>
  </body>,
  "container": <div>
    <h1
      class="settings__heading"
    >
      Profile Settings
    </h1>
    <div
      class="profile"
    >
      <form>
        <div
          class="row"
        >
          <div
            class="col-lg-6 text-center order-lg-last margin__bottom__mobile--medium"
          >
            <div
              class="profile__avatar profile__avatar--letter"
            />
            <div>
              <input
                class="profile__upload-button"
                id="file"
                name="file"
                type="file"
              />
              <label
                for="file"
              >
                Upload
              </label>
            </div>
          </div>
          <div
            class="col-lg-6"
          >
            <div
              class="form-group-lg"
            >
              <label
                class="profile__input-label"
                for="displayName"
              >
                Name
              </label>
              <input
                class="form-control p-4 "
                id="displayName"
                name="displayName"
                type="text"
                value=""
              />
              
            </div>
            <div
              class="form-group-lg mt-4"
            >
              <label
                class="profile__input-label"
                for="email"
              >
                Email
              </label>
              <input
                class="form-control p-4 "
                id="email"
                name="email"
                type="email"
                value=""
              />
              
            </div>
            <div
              class="form-group-lg mt-4"
            >
              <label
                class="profile__input-label"
                for="phone"
              >
                Phone
              </label>
              <input
                class="form-control p-4 "
                id="phone"
                name="phone"
                type="text"
                value=""
              />
              
            </div>
            <button
              class="button button__block button__primary mt-5"
              type="submit"
            >
              Update
            </button>
          </div>
        </div>
      </form>
    </div>
  </div>,
  "debug": [Function],
  "findAllByAltText": [Function],
  "findAllByDisplayValue": [Function],
  "findAllByLabelText": [Function],
  "findAllByPlaceholderText": [Function],
  "findAllByRole": [Function],
  "findAllByTestId": [Function],
  "findAllByText": [Function],
  "findAllByTitle": [Function],
  "findByAltText": [Function],
  "findByDisplayValue": [Function],
  "findByLabelText": [Function],
  "findByPlaceholderText": [Function],
  "findByRole": [Function],
  "findByTestId": [Function],
  "findByText": [Function],
  "findByTitle": [Function],
  "getAllByAltText": [Function],
  "getAllByDisplayValue": [Function],
  "getAllByLabelText": [Function],
  "getAllByPlaceholderText": [Function],
  "getAllByRole": [Function],
  "getAllByTestId": [Function],
  "getAllByText": [Function],
  "getAllByTitle": [Function],
  "getByAltText": [Function],
  "getByDisplayValue": [Function],
  "getByLabelText": [Function],
  "getByPlaceholderText": [Function],
  "getByRole": [Function],
  "getByTestId": [Function],
  "getByText": [Function],
  "getByTitle": [Function],
  "queryAllByAltText": [Function],
  "queryAllByDisplayValue": [Function],
  "queryAllByLabelText": [Function],
  "queryAllByPlaceholderText": [Function],
  "queryAllByRole": [Function],
  "queryAllByTestId": [Function],
  "queryAllByText": [Function],
  "queryAllByTitle": [Function],
  "queryByAltText": [Function],
  "queryByDisplayValue": [Function],
  "queryByLabelText": [Function],
  "queryByPlaceholderText": [Function],
  "queryByRole": [Function],
  "queryByTestId": [Function],
  "queryByText": [Function],
  "queryByTitle": [Function],
  "rerender": [Function],
  "unmount": [Function],
}
`;
